found chrome at /usr/bin/google-chrome
navigating to https://lulamilemkhungela.github.io/design-ops/
dashboard loaded: DesignOps — One design, every framework · Lulamile Mkhungela
saved 01-overview
saved 02-search
saved 03-tokens
saved 04-components
saved 05-frameworks
saved 06-advisory
saved 07-demos
saved 08-lint
saved 09-requests
saved 10-storybook
saved 11-demo-site
saved 12-mobile-overview
CAPTURE FAILED: Error: Node is either not clickable or not an Element
    at CdpElementHandle.clickablePoint (file:///home/runner/work/portfolio.github.io/portfolio.github.io/node_modules/puppeteer-core/lib/puppeteer/api/ElementHandle.js:693:23)
    at async CdpElementHandle.<anonymous> (file:///home/runner/work/portfolio.github.io/portfolio.github.io/node_modules/puppeteer-core/lib/puppeteer/api/ElementHandle.js:119:20)
    at async CdpElementHandle.click (file:///home/runner/work/portfolio.github.io/portfolio.github.io/node_modules/puppeteer-core/lib/puppeteer/api/ElementHandle.js:723:30)
    at async CdpElementHandle.<anonymous> (file:///home/runner/work/portfolio.github.io/portfolio.github.io/node_modules/puppeteer-core/lib/puppeteer/api/ElementHandle.js:130:24)
    at async CdpFrame.click (file:///home/runner/work/portfolio.github.io/portfolio.github.io/node_modules/puppeteer-core/lib/puppeteer/api/Frame.js:754:17)
    at async gotoView (file:///home/runner/work/portfolio.github.io/portfolio.github.io/.github/scripts/designops-shots.mjs:35:3)
    at async file:///home/runner/work/portfolio.github.io/portfolio.github.io/.github/scripts/designops-shots.mjs:148:3
page title: DesignOps — One design, every framework · Lulamile Mkhungela
page url: https://lulamilemkhungela.github.io/design-ops/
body start: <!DOCTYPE html><html lang="en"><head>
<meta charset="UTF-8">
<meta name="viewport" content="width=device-width,initial-scale=1">
<title>DesignOps — One design, every framework · Lulamile Mkhungela</title>
<meta name="description" content="DesignOps by Lulamile Mkhungela: Figma tokens and components shipped to React, Vue, Angular, Svelte, Next, Nuxt, Remix, Astro, Ionic, MUI, Tailwind and more. One
done
